Analyzing rachita...                                            

   info - The private field _cachedKey could be 'final' - lib\core\security\encryption_service.dart:4:18 - prefer_final_fields
   info - 'withOpacity' is deprecated and shouldn't be used. Use .withValues() to avoid precision loss - lib\features\dashboard\presentation\screens\dashboard_screen.dart:59:64 - deprecated_member_use
   info - 'withOpacity' is deprecated and shouldn't be used. Use .withValues() to avoid precision loss - lib\features\dashboard\presentation\screens\dashboard_screen.dart:121:26 - deprecated_member_use
   info - 'withOpacity' is deprecated and shouldn't be used. Use .withValues() to avoid precision loss - lib\features\dashboard\presentation\screens\dashboard_screen.dart:121:51 - deprecated_member_use
   info - 'withOpacity' is deprecated and shouldn't be used. Use .withValues() to avoid precision loss - lib\features\dashboard\presentation\screens\dashboard_screen.dart:124:41 - deprecated_member_use
   info - 'withOpacity' is deprecated and shouldn't be used. Use .withValues() to avoid precision loss - lib\features\dashboard\presentation\screens\dashboard_screen.dart:125:99 - deprecated_member_use
   info - 'withOpacity' is deprecated and shouldn't be used. Use .withValues() to avoid precision loss - lib\features\dashboard\presentation\screens\dashboard_screen.dart:136:96 - deprecated_member_use
   info - 'withOpacity' is deprecated and shouldn't be used. Use .withValues() to avoid precision loss - lib\features\dashboard\presentation\screens\dashboard_screen.dart:148:62 - deprecated_member_use
   info - 'withOpacity' is deprecated and shouldn't be used. Use .withValues() to avoid precision loss - lib\features\dashboard\presentation\screens\dashboard_screen.dart:167:66 - deprecated_member_use
   info - 'withOpacity' is deprecated and shouldn't be used. Use .withValues() to avoid precision loss - lib\features\dashboard\presentation\screens\dashboard_screen.dart:168:65 - deprecated_member_use
   info - 'withOpacity' is deprecated and shouldn't be used. Use .withValues() to avoid precision loss - lib\features\dashboard\presentation\screens\dashboard_screen.dart:175:97 - deprecated_member_use
   info - 'withOpacity' is deprecated and shouldn't be used. Use .withValues() to avoid precision loss - lib\features\dashboard\presentation\screens\dashboard_screen.dart:225:96 - deprecated_member_use
   info - 'withOpacity' is deprecated and shouldn't be used. Use .withValues() to avoid precision loss - lib\features\dashboard\presentation\screens\dashboard_screen.dart:231:52 - deprecated_member_use
   info - 'withOpacity' is deprecated and shouldn't be used. Use .withValues() to avoid precision loss - lib\features\dashboard\presentation\screens\dashboard_screen.dart:292:66 - deprecated_member_use
   info - 'withOpacity' is deprecated and shouldn't be used. Use .withValues() to avoid precision loss - lib\features\dashboard\presentation\screens\dashboard_screen.dart:308:66 - deprecated_member_use
   info - 'withOpacity' is deprecated and shouldn't be used. Use .withValues() to avoid precision loss - lib\features\dashboard\presentation\screens\dashboard_screen.dart:309:65 - deprecated_member_use
   info - 'withOpacity' is deprecated and shouldn't be used. Use .withValues() to avoid precision loss - lib\features\dashboard\presentation\screens\dashboard_screen.dart:315:52 - deprecated_member_use
   info - 'withOpacity' is deprecated and shouldn't be used. Use .withValues() to avoid precision loss - lib\features\doctor\presentation\screens\doctor_profile_screen.dart:170:70 - deprecated_member_use
   info - 'withOpacity' is deprecated and shouldn't be used. Use .withValues() to avoid precision loss - lib\features\doctor\presentation\screens\doctor_profile_screen.dart:178:48 - deprecated_member_use
   info - 'withOpacity' is deprecated and shouldn't be used. Use .withValues() to avoid precision loss - lib\features\doctor\presentation\screens\doctor_profile_screen.dart:189:46 - deprecated_member_use
   info - 'withOpacity' is deprecated and shouldn't be used. Use .withValues() to avoid precision loss - lib\features\doctor\presentation\screens\doctor_profile_screen.dart:252:66 - deprecated_member_use
   info - 'withOpacity' is deprecated and shouldn't be used. Use .withValues() to avoid precision loss - lib\features\doctor\presentation\screens\doctor_profile_screen.dart:259:64 - deprecated_member_use
   info - 'withOpacity' is deprecated and shouldn't be used. Use .withValues() to avoid precision loss - lib\features\doctor\presentation\screens\doctor_profile_screen.dart:295:97 - deprecated_member_use
   info - 'withOpacity' is deprecated and shouldn't be used. Use .withValues() to avoid precision loss - lib\features\doctor\presentation\screens\doctor_profile_screen.dart:373:85 - deprecated_member_use
   info - 'withOpacity' is deprecated and shouldn't be used. Use .withValues() to avoid precision loss - lib\features\doctor\presentation\screens\doctor_profile_screen.dart:386:67 - deprecated_member_use
   info - 'withOpacity' is deprecated and shouldn't be used. Use .withValues() to avoid precision loss - lib\features\doctor\presentation\screens\doctor_profile_screen.dart:392:145 - deprecated_member_use
   info - 'withOpacity' is deprecated and shouldn't be used. Use .withValues() to avoid precision loss - lib\features\doctor\presentation\screens\doctor_profile_screen.dart:424:72 - deprecated_member_use
   info - 'withOpacity' is deprecated and shouldn't be used. Use .withValues() to avoid precision loss - lib\features\doctor\presentation\screens\doctor_profile_screen.dart:426:47 - deprecated_member_use
   info - 'withOpacity' is deprecated and shouldn't be used. Use .withValues() to avoid precision loss - lib\features\doctor\presentation\screens\doctor_profile_screen.dart:437:90 - deprecated_member_use
   info - 'withOpacity' is deprecated and shouldn't be used. Use .withValues() to avoid precision loss - lib\features\intro\presentation\screens\splash_screen.dart:65:50 - deprecated_member_use
   info - 'withOpacity' is deprecated and shouldn't be used. Use .withValues() to avoid precision loss - lib\features\medicine\presentation\widgets\medicine_search_widget.dart:68:80 - deprecated_member_use
   info - 'withOpacity' is deprecated and shouldn't be used. Use .withValues() to avoid precision loss - lib\features\medicine\presentation\widgets\medicine_search_widget.dart:80:80 - deprecated_member_use
   info - 'withOpacity' is deprecated and shouldn't be used. Use .withValues() to avoid precision loss - lib\features\patient\presentation\screens\patient_detail_screen.dart:57:67 - deprecated_member_use
   info - 'withOpacity' is deprecated and shouldn't be used. Use .withValues() to avoid precision loss - lib\features\patient\presentation\screens\patient_detail_screen.dart:74:62 - deprecated_member_use
   info - 'withOpacity' is deprecated and shouldn't be used. Use .withValues() to avoid precision loss - lib\features\patient\presentation\screens\patient_detail_screen.dart:141:99 - deprecated_member_use
   info - 'withOpacity' is deprecated and shouldn't be used. Use .withValues() to avoid precision loss - lib\features\patient\presentation\screens\patient_detail_screen.dart:193:64 - deprecated_member_use
warning - The value of the local variable 'isDark' isn't used - lib\features\patient\presentation\screens\patient_list_screen.dart:31:17 - unused_local_variable
   info - 'withOpacity' is deprecated and shouldn't be used. Use .withValues() to avoid precision loss - lib\features\patient\presentation\screens\patient_list_screen.dart:186:51 - deprecated_member_use
   info - 'withOpacity' is deprecated and shouldn't be used. Use .withValues() to avoid precision loss - lib\features\patient\presentation\screens\patient_list_screen.dart:203:147 - deprecated_member_use
   info - 'withOpacity' is deprecated and shouldn't be used. Use .withValues() to avoid precision loss - lib\features\patient\presentation\screens\patient_list_screen.dart:233:66 - deprecated_member_use
   info - 'withOpacity' is deprecated and shouldn't be used. Use .withValues() to avoid precision loss - lib\features\patient\presentation\screens\patient_list_screen.dart:234:65 - deprecated_member_use
   info - 'withOpacity' is deprecated and shouldn't be used. Use .withValues() to avoid precision loss - lib\features\patient\presentation\screens\patient_list_screen.dart:247:95 - deprecated_member_use
warning - Unused import: 'dart:convert' - lib\features\prescription\presentation\screens\new_prescription_screen.dart:1:8 - unused_import
   info - The import of 'package:flutter/services.dart' is unnecessary because all of the used elements are also provided by the import of 'package:flutter/material.dart' - lib\features\prescription\presentation\screens\new_prescription_screen.dart:3:8 - unnecessary_import
   info - 'withOpacity' is deprecated and shouldn't be used. Use .withValues() to avoid precision loss - lib\features\prescription\presentation\screens\new_prescription_screen.dart:164:57 - deprecated_member_use
   info - 'withOpacity' is deprecated and shouldn't be used. Use .withValues() to avoid precision loss - lib\features\prescription\presentation\screens\new_prescription_screen.dart:164:99 - deprecated_member_use
   info - 'withOpacity' is deprecated and shouldn't be used. Use .withValues() to avoid precision loss - lib\features\prescription\presentation\screens\new_prescription_screen.dart:254:32 - deprecated_member_use
   info - 'withOpacity' is deprecated and shouldn't be used. Use .withValues() to avoid precision loss - lib\features\prescription\presentation\screens\new_prescription_screen.dart:256:51 - deprecated_member_use
   info - 'withOpacity' is deprecated and shouldn't be used. Use .withValues() to avoid precision loss - lib\features\prescription\presentation\screens\new_prescription_screen.dart:295:34 - deprecated_member_use
   info - 'withOpacity' is deprecated and shouldn't be used. Use .withValues() to avoid precision loss - lib\features\prescription\presentation\screens\new_prescription_screen.dart:297:53 - deprecated_member_use
   info - 'withOpacity' is deprecated and shouldn't be used. Use .withValues() to avoid precision loss - lib\features\prescription\presentation\screens\new_prescription_screen.dart:302:48 - deprecated_member_use
   info - 'withOpacity' is deprecated and shouldn't be used. Use .withValues() to avoid precision loss - lib\features\prescription\presentation\screens\new_prescription_screen.dart:341:94 - deprecated_member_use
   info - 'withOpacity' is deprecated and shouldn't be used. Use .withValues() to avoid precision loss - lib\features\prescription\presentation\screens\new_prescription_screen.dart:347:60 - deprecated_member_use
   info - 'withOpacity' is deprecated and shouldn't be used. Use .withValues() to avoid precision loss - lib\features\prescription\presentation\screens\new_prescription_screen.dart:399:66 - deprecated_member_use
   info - 'withOpacity' is deprecated and shouldn't be used. Use .withValues() to avoid precision loss - lib\features\prescription\presentation\screens\new_prescription_screen.dart:425:80 - deprecated_member_use
   info - 'withOpacity' is deprecated and shouldn't be used. Use .withValues() to avoid precision loss - lib\features\prescription\presentation\screens\new_prescription_screen.dart:426:56 - deprecated_member_use
   info - 'withOpacity' is deprecated and shouldn't be used. Use .withValues() to avoid precision loss - lib\features\settings\presentation\screens\settings_screen.dart:80:66 - deprecated_member_use
   info - 'withOpacity' is deprecated and shouldn't be used. Use .withValues() to avoid precision loss - lib\features\settings\presentation\screens\settings_screen.dart:81:65 - deprecated_member_use
   info - 'withOpacity' is deprecated and shouldn't be used. Use .withValues() to avoid precision loss - lib\features\settings\presentation\screens\settings_screen.dart:87:52 - deprecated_member_use
   info - 'withOpacity' is deprecated and shouldn't be used. Use .withValues() to avoid precision loss - lib\features\settings\presentation\screens\settings_screen.dart:104:31 - deprecated_member_use
   info - 'withOpacity' is deprecated and shouldn't be used. Use .withValues() to avoid precision loss - lib\features\settings\presentation\screens\settings_screen.dart:104:57 - deprecated_member_use
   info - 'withOpacity' is deprecated and shouldn't be used. Use .withValues() to avoid precision loss - lib\features\settings\presentation\screens\settings_screen.dart:106:41 - deprecated_member_use
   info - 'withOpacity' is deprecated and shouldn't be used. Use .withValues() to avoid precision loss - lib\features\settings\presentation\screens\settings_screen.dart:110:35 - deprecated_member_use
   info - 'withOpacity' is deprecated and shouldn't be used. Use .withValues() to avoid precision loss - lib\features\settings\presentation\screens\settings_screen.dart:115:52 - deprecated_member_use
   info - 'withOpacity' is deprecated and shouldn't be used. Use .withValues() to avoid precision loss - lib\main.dart:127:72 - deprecated_member_use
   info - 'withOpacity' is deprecated and shouldn't be used. Use .withValues() to avoid precision loss - lib\main.dart:142:35 - deprecated_member_use
   info - 'background' is deprecated and shouldn't be used. Use surface instead. This feature was deprecated after v3.18.0-0.1.pre - lib\shared\theme\app_theme.dart:17:9 - deprecated_member_use
   info - 'onBackground' is deprecated and shouldn't be used. Use onSurface instead. This feature was deprecated after v3.18.0-0.1.pre - lib\shared\theme\app_theme.dart:18:9 - deprecated_member_use
   info - 'background' is deprecated and shouldn't be used. Use surface instead. This feature was deprecated after v3.18.0-0.1.pre - lib\shared\theme\app_theme.dart:124:9 - deprecated_member_use
   info - 'onBackground' is deprecated and shouldn't be used. Use onSurface instead. This feature was deprecated after v3.18.0-0.1.pre - lib\shared\theme\app_theme.dart:125:9 - deprecated_member_use

